../Core/Src/my_uart.c:22:13:uart_SaveData	4	static
../Core/Src/my_uart.c:30:6:uart_SendBuffer	112	static
../Core/Src/my_uart.c:42:6:uart_SendAdcVal	32	static
../Core/Src/my_uart.c:48:6:uart_init	8	static
../Core/Src/my_uart.c:51:6:uart_IsFlag	4	static
../Core/Src/my_uart.c:54:6:uart_ResetFlag	4	static
../Core/Src/my_uart.c:57:6:uart_IsFull	4	static
../Core/Src/my_uart.c:60:6:uart_ResetBuffer	4	static
../Core/Src/my_uart.c:66:6:uart_FindChar	24	static
../Core/Src/my_uart.c:83:7:uart_GetCommand	4	static
../Core/Src/my_uart.c:86:13:uart_UpdateHead	16	static
../Core/Src/my_uart.c:96:6:HAL_UART_RxCpltCallback	16	static
